[2026-01-06T18:39:53+00:00] Supervisor starting...
[2026-01-06T18:39:53+00:00] PROJECT_DIR=/c/Users/ad731/Desktop/crop_lighting/honours_project
[2026-01-06T18:39:53+00:00] SCRIPT_DIR=/c/Users/ad731/Desktop/crop_lighting/honours_project/scripts/backend-scripts
[2026-01-06T18:39:53+00:00] PYTHON=/c/Users/ad731/Desktop/crop_lighting/honours_project/.venv/Scripts/python.exe
[2026-01-06T18:39:53+00:00] INGEST_SCRIPT=/c/Users/ad731/Desktop/crop_lighting/honours_project/scripts/backend-scripts/incoming_sensor_payload.py
[2026-01-06T18:39:53+00:00] Launching ingestion...
[config] reference irradiance E_ref = 1.0767 W/m2
[db] connected to database
[run] starting mqtt client loop... ctrl+c to stop
[mqtt] connected with reason_code= Success
[mqtt] subscribed to topic: adunn/sensor/light/#

[run] stopping mqtt client loop ...
[2026-01-06T18:49:29+00:00] Ingestion exited. Restarting in 3...
[2026-01-06T18:49:32+00:00] Launching ingestion...
[config] reference irradiance E_ref = 1.0767 W/m2
[db] connected to database
[run] starting mqtt client loop... ctrl+c to stop
[mqtt] connected with reason_code= Success
[mqtt] subscribed to topic: adunn/sensor/light/#

[run] stopping mqtt client loop ...
[2026-01-06T19:05:17+00:00] Ingestion exited. Restarting in 3...
[2026-01-06T19:05:20+00:00] Launching ingestion...
[config] reference irradiance E_ref = 1.0767 W/m2
[db] connected to database
[run] starting mqtt client loop... ctrl+c to stop
[mqtt] connected with reason_code= Success
[mqtt] subscribed to topic: adunn/sensor/light/#

[run] stopping mqtt client loop (keyboard interupt) ...
[2026-01-06T19:05:59+00:00] Supervisor starting...
[2026-01-06T19:05:59+00:00] PROJECT_DIR=/c/Users/ad731/Desktop/crop_lighting/honours_project
[2026-01-06T19:05:59+00:00] SCRIPT_DIR=/c/Users/ad731/Desktop/crop_lighting/honours_project/scripts/backend-scripts
[2026-01-06T19:05:59+00:00] PYTHON=/c/Users/ad731/Desktop/crop_lighting/honours_project/.venv/Scripts/python.exe
[2026-01-06T19:05:59+00:00] INGEST_SCRIPT=/c/Users/ad731/Desktop/crop_lighting/honours_project/scripts/backend-scripts/incoming_sensor_payload.py
[2026-01-06T19:05:59+00:00] Launching ingestion...
[config] reference irradiance E_ref = 1.0767 W/m2
[db] connected to database
[run] starting mqtt client loop... ctrl+c to stop
[mqtt] connected with reason_code= Success
[mqtt] subscribed to topic: adunn/sensor/light/#

[run] stopping mqtt client loop (keyboard interupt) ...
[2026-01-06T19:11:50+00:00] Supervisor starting...
[2026-01-06T19:11:51+00:00] PROJECT_DIR=/c/Users/ad731/Desktop/crop_lighting/honours_project
[2026-01-06T19:11:51+00:00] SCRIPT_DIR=/c/Users/ad731/Desktop/crop_lighting/honours_project/scripts/backend-scripts
[2026-01-06T19:11:51+00:00] PYTHON=/c/Users/ad731/Desktop/crop_lighting/honours_project/.venv/Scripts/python.exe
[2026-01-06T19:11:51+00:00] INGEST_SCRIPT=/c/Users/ad731/Desktop/crop_lighting/honours_project/scripts/backend-scripts/incoming_sensor_payload.py
[2026-01-06T19:11:51+00:00] Launching ingestion...
[config] reference irradiance E_ref = 1.0767 W/m2
[db] connected to database
[run] starting mqtt client loop... ctrl+c to stop
[mqtt] connected with reason_code= Success
[mqtt] subscribed to topic: adunn/sensor/light/#

[run] stopping mqtt client loop (keyboard interupt) ...
[2026-01-06T19:11:59+00:00] Ingestion exited with code 0. Restarting in 3...
[2026-01-06T19:14:21+00:00] Supervisor starting...
[2026-01-06T19:14:21+00:00] PROJECT_DIR=/c/Users/ad731/Desktop/crop_lighting/honours_project
[2026-01-06T19:14:22+00:00] SCRIPT_DIR=/c/Users/ad731/Desktop/crop_lighting/honours_project/scripts/backend-scripts
[2026-01-06T19:14:22+00:00] PYTHON=/c/Users/ad731/Desktop/crop_lighting/honours_project/.venv/Scripts/python.exe
[2026-01-06T19:14:22+00:00] INGEST_SCRIPT=/c/Users/ad731/Desktop/crop_lighting/honours_project/scripts/backend-scripts/incoming_sensor_payload.py
[2026-01-06T19:14:22+00:00] Launching ingestion...
[config] reference irradiance E_ref = 1.0767 W/m2
[db] connected to database
[run] starting mqtt client loop... ctrl+c to stop
[mqtt] connected with reason_code= Success
[mqtt] subscribed to topic: adunn/sensor/light/#

[run] stopping mqtt client loop (keyboard interupt) ...
[2026-01-06T19:17:44+00:00] Ingestion exited with code 0. Restarting in 3...
[2026-01-06T19:17:52+00:00] Supervisor starting...
[2026-01-06T19:17:52+00:00] PROJECT_DIR=/c/Users/ad731/Desktop/crop_lighting/honours_project
[2026-01-06T19:17:52+00:00] SCRIPT_DIR=/c/Users/ad731/Desktop/crop_lighting/honours_project/scripts/backend-scripts
[2026-01-06T19:17:52+00:00] PYTHON=/c/Users/ad731/Desktop/crop_lighting/honours_project/.venv/Scripts/python.exe
[2026-01-06T19:17:52+00:00] INGEST_SCRIPT=/c/Users/ad731/Desktop/crop_lighting/honours_project/scripts/backend-scripts/incoming_sensor_payload.py
[2026-01-06T19:17:52+00:00] Launching ingestion...
[config] reference irradiance E_ref = 1.0767 W/m2
[db] connected to database
[run] starting mqtt client loop... ctrl+c to stop
[mqtt] connected with reason_code= Success
[mqtt] subscribed to topic: adunn/sensor/light/#

[run] stopping mqtt client loop (keyboard interupt) ...
[2026-01-06T19:17:55+00:00] Supervisor received Ctrl+C; exiting.
[2026-01-06T19:18:05+00:00] Supervisor starting...
[2026-01-06T19:18:05+00:00] PROJECT_DIR=/c/Users/ad731/Desktop/crop_lighting/honours_project
[2026-01-06T19:18:05+00:00] SCRIPT_DIR=/c/Users/ad731/Desktop/crop_lighting/honours_project/scripts/backend-scripts
[2026-01-06T19:18:05+00:00] PYTHON=/c/Users/ad731/Desktop/crop_lighting/honours_project/.venv/Scripts/python.exe
[2026-01-06T19:18:05+00:00] INGEST_SCRIPT=/c/Users/ad731/Desktop/crop_lighting/honours_project/scripts/backend-scripts/incoming_sensor_payload.py
[2026-01-06T19:18:05+00:00] Launching ingestion...
[config] reference irradiance E_ref = 1.0767 W/m2
[db] connected to database
[run] starting mqtt client loop... ctrl+c to stop
[mqtt] connected with reason_code= Success
[mqtt] subscribed to topic: adunn/sensor/light/#

[run] stopping mqtt client loop (keyboard interupt) ...
[2026-01-06T19:19:42+00:00] Supervisor received Ctrl+C; exiting.
[2026-01-06T19:30:30+00:00] Supervisor starting...
[2026-01-06T19:30:30+00:00] PROJECT_DIR=/c/Users/ad731/Desktop/crop_lighting/honours_project
[2026-01-06T19:30:30+00:00] SCRIPT_DIR=/c/Users/ad731/Desktop/crop_lighting/honours_project/scripts/backend-scripts
[2026-01-06T19:30:30+00:00] PYTHON=/c/Users/ad731/Desktop/crop_lighting/honours_project/.venv/Scripts/python.exe
[2026-01-06T19:30:30+00:00] INGEST_SCRIPT=/c/Users/ad731/Desktop/crop_lighting/honours_project/scripts/backend-scripts/incoming_sensor_payload.py
[2026-01-06T19:30:31+00:00] Launching ingestion...
[config] reference irradiance E_ref = 1.0767 W/m2
[db] connected to database
[run] starting mqtt client loop... ctrl+c to stop
[mqtt] connected with reason_code= Success
[mqtt] subscribed to topic: adunn/sensor/light/#

[run] stopping mqtt client loop (keyboard interupt) ...
[2026-01-06T19:31:58+00:00] Supervisor received Ctrl+C; exiting.
[2026-01-06T19:39:41+00:00] Supervisor starting...
[2026-01-06T19:39:41+00:00] PROJECT_DIR=/c/Users/ad731/Desktop/crop_lighting/honours_project
[2026-01-06T19:39:41+00:00] SCRIPT_DIR=/c/Users/ad731/Desktop/crop_lighting/honours_project/scripts/backend-scripts
[2026-01-06T19:39:41+00:00] PYTHON=/c/Users/ad731/Desktop/crop_lighting/honours_project/.venv/Scripts/python.exe
[2026-01-06T19:39:41+00:00] INGEST_SCRIPT=/c/Users/ad731/Desktop/crop_lighting/honours_project/scripts/backend-scripts/incoming_sensor_payload.py
[2026-01-06T19:39:41+00:00] Launching ingestion...
[config] reference irradiance E_ref = 1.0767 W/m2
[db] connected to database
[run] starting mqtt client loop... ctrl+c to stop
[mqtt] connected with reason_code= Success
[mqtt] subscribed to topic: adunn/sensor/light/#
[mqtt] insert failed: 1452 (23000): Cannot add or update a child row: a foreign key constraint fails (`crop_lighting`.`light_readings`, CONSTRAINT `fx_light_readings_run` FOREIGN KEY (`run_id`) REFERENCES `runs` (`run_id`) ON DELETE RESTRICT ON UPDATE CASCADE) | row= {'ts': datetime.datetime(2026, 1, 6, 20, 26, 52, 718293), 'source': 'pi-01', 'zone': 'ZONE1', 'run_id': 'testing_01', 'run_seq': 0, 'as7341_dev_id': 'as7341_01', 'bh1750_dev_id': 'bh1750_01', 'as7341_gain': 64.0, 'as7341_atime': 0, 'as7341_astep': 9999, 'as7341_it_ms': 27.799999999999997, 'bh1750_lux': 1.6666666666666667, 'as7341_415nm': 0, 'as7341_445nm': 0, 'as7341_480nm': 0, 'as7341_515nm': 1, 'as7341_555nm': 1, 'as7341_590nm': 1, 'as7341_630nm': 1, 'as7341_680nm': 1, 'as7341_clear': 2, 'as7341_nir': 0, 'blue_W_m2': 0.0, 'green_W_m2': 0.005867470199292234, 'red_W_m2': 0.0018038172377985466}
[mqtt] insert failed: 1452 (23000): Cannot add or update a child row: a foreign key constraint fails (`crop_lighting`.`light_readings`, CONSTRAINT `fx_light_readings_run` FOREIGN KEY (`run_id`) REFERENCES `runs` (`run_id`) ON DELETE RESTRICT ON UPDATE CASCADE) | row= {'ts': datetime.datetime(2026, 1, 6, 20, 26, 57, 878003), 'source': 'pi-01', 'zone': 'ZONE1', 'run_id': 'testing_01', 'run_seq': 1, 'as7341_dev_id': 'as7341_01', 'bh1750_dev_id': 'bh1750_01', 'as7341_gain': 64.0, 'as7341_atime': 0, 'as7341_astep': 9999, 'as7341_it_ms': 27.799999999999997, 'bh1750_lux': 1.6666666666666667, 'as7341_415nm': 0, 'as7341_445nm': 0, 'as7341_480nm': 0, 'as7341_515nm': 1, 'as7341_555nm': 1, 'as7341_590nm': 1, 'as7341_630nm': 2, 'as7341_680nm': 1, 'as7341_clear': 2, 'as7341_nir': 0, 'blue_W_m2': 0.0, 'green_W_m2': 0.005867470199292234, 'red_W_m2': 0.0026013727933541023}
[mqtt] insert failed: 1452 (23000): Cannot add or update a child row: a foreign key constraint fails (`crop_lighting`.`light_readings`, CONSTRAINT `fx_light_readings_run` FOREIGN KEY (`run_id`) REFERENCES `runs` (`run_id`) ON DELETE RESTRICT ON UPDATE CASCADE) | row= {'ts': datetime.datetime(2026, 1, 6, 20, 27, 3, 98654), 'source': 'pi-01', 'zone': 'ZONE1', 'run_id': 'testing_01', 'run_seq': 2, 'as7341_dev_id': 'as7341_01', 'bh1750_dev_id': 'bh1750_01', 'as7341_gain': 64.0, 'as7341_atime': 0, 'as7341_astep': 9999, 'as7341_it_ms': 27.799999999999997, 'bh1750_lux': 1.25, 'as7341_415nm': 0, 'as7341_445nm': 0, 'as7341_480nm': 1, 'as7341_515nm': 1, 'as7341_555nm': 1, 'as7341_590nm': 1, 'as7341_630nm': 1, 'as7341_680nm': 1, 'as7341_clear': 2, 'as7341_nir': 0, 'blue_W_m2': 0.005127142857142858, 'green_W_m2': 0.005867470199292234, 'red_W_m2': 0.0018038172377985466}
[mqtt] insert failed: 1452 (23000): Cannot add or update a child row: a foreign key constraint fails (`crop_lighting`.`light_readings`, CONSTRAINT `fx_light_readings_run` FOREIGN KEY (`run_id`) REFERENCES `runs` (`run_id`) ON DELETE RESTRICT ON UPDATE CASCADE) | row= {'ts': datetime.datetime(2026, 1, 6, 20, 27, 8, 322157), 'source': 'pi-01', 'zone': 'ZONE1', 'run_id': 'testing_01', 'run_seq': 3, 'as7341_dev_id': 'as7341_01', 'bh1750_dev_id': 'bh1750_01', 'as7341_gain': 64.0, 'as7341_atime': 0, 'as7341_astep': 9999, 'as7341_it_ms': 27.799999999999997, 'bh1750_lux': 1.25, 'as7341_415nm': 0, 'as7341_445nm': 0, 'as7341_480nm': 1, 'as7341_515nm': 1, 'as7341_555nm': 1, 'as7341_590nm': 1, 'as7341_630nm': 1, 'as7341_680nm': 1, 'as7341_clear': 2, 'as7341_nir': 0, 'blue_W_m2': 0.005127142857142858, 'green_W_m2': 0.005867470199292234, 'red_W_m2': 0.0018038172377985466}
[mqtt] insert failed: 1452 (23000): Cannot add or update a child row: a foreign key constraint fails (`crop_lighting`.`light_readings`, CONSTRAINT `fx_light_readings_run` FOREIGN KEY (`run_id`) REFERENCES `runs` (`run_id`) ON DELETE RESTRICT ON UPDATE CASCADE) | row= {'ts': datetime.datetime(2026, 1, 6, 20, 27, 13, 543544), 'source': 'pi-01', 'zone': 'ZONE1', 'run_id': 'testing_01', 'run_seq': 4, 'as7341_dev_id': 'as7341_01', 'bh1750_dev_id': 'bh1750_01', 'as7341_gain': 64.0, 'as7341_atime': 0, 'as7341_astep': 9999, 'as7341_it_ms': 27.799999999999997, 'bh1750_lux': 1.6666666666666667, 'as7341_415nm': 0, 'as7341_445nm': 0, 'as7341_480nm': 0, 'as7341_515nm': 1, 'as7341_555nm': 1, 'as7341_590nm': 1, 'as7341_630nm': 1, 'as7341_680nm': 0, 'as7341_clear': 2, 'as7341_nir': 0, 'blue_W_m2': 0.0, 'green_W_m2': 0.005867470199292234, 'red_W_m2': 0.0007975555555555558}
[mqtt] insert failed: 1452 (23000): Cannot add or update a child row: a foreign key constraint fails (`crop_lighting`.`light_readings`, CONSTRAINT `fx_light_readings_run` FOREIGN KEY (`run_id`) REFERENCES `runs` (`run_id`) ON DELETE RESTRICT ON UPDATE CASCADE) | row= {'ts': datetime.datetime(2026, 1, 6, 20, 28, 35, 969568), 'source': 'pi-01', 'zone': 'ZONE1', 'run_id': 'testing_01', 'run_seq': 0, 'as7341_dev_id': 'as7341_01', 'bh1750_dev_id': 'bh1750_01', 'as7341_gain': 64.0, 'as7341_atime': 0, 'as7341_astep': 9999, 'as7341_it_ms': 27.799999999999997, 'bh1750_lux': 1.6666666666666667, 'as7341_415nm': 0, 'as7341_445nm': 0, 'as7341_480nm': 0, 'as7341_515nm': 1, 'as7341_555nm': 1, 'as7341_590nm': 1, 'as7341_630nm': 2, 'as7341_680nm': 1, 'as7341_clear': 2, 'as7341_nir': 0, 'blue_W_m2': 0.0, 'green_W_m2': 0.005867470199292234, 'red_W_m2': 0.0026013727933541023}
[mqtt] insert failed: 1452 (23000): Cannot add or update a child row: a foreign key constraint fails (`crop_lighting`.`light_readings`, CONSTRAINT `fx_light_readings_run` FOREIGN KEY (`run_id`) REFERENCES `runs` (`run_id`) ON DELETE RESTRICT ON UPDATE CASCADE) | row= {'ts': datetime.datetime(2026, 1, 6, 20, 28, 41, 104344), 'source': 'pi-01', 'zone': 'ZONE1', 'run_id': 'testing_01', 'run_seq': 1, 'as7341_dev_id': 'as7341_01', 'bh1750_dev_id': 'bh1750_01', 'as7341_gain': 64.0, 'as7341_atime': 0, 'as7341_astep': 9999, 'as7341_it_ms': 27.799999999999997, 'bh1750_lux': 1.25, 'as7341_415nm': 0, 'as7341_445nm': 1, 'as7341_480nm': 1, 'as7341_515nm': 1, 'as7341_555nm': 1, 'as7341_590nm': 1, 'as7341_630nm': 1, 'as7341_680nm': 0, 'as7341_clear': 2, 'as7341_nir': 0, 'blue_W_m2': 0.014915324675324677, 'green_W_m2': 0.005867470199292234, 'red_W_m2': 0.0007975555555555558}
[mqtt] insert failed: 1452 (23000): Cannot add or update a child row: a foreign key constraint fails (`crop_lighting`.`light_readings`, CONSTRAINT `fx_light_readings_run` FOREIGN KEY (`run_id`) REFERENCES `runs` (`run_id`) ON DELETE RESTRICT ON UPDATE CASCADE) | row= {'ts': datetime.datetime(2026, 1, 6, 20, 28, 46, 242325), 'source': 'pi-01', 'zone': 'ZONE1', 'run_id': 'testing_01', 'run_seq': 2, 'as7341_dev_id': 'as7341_01', 'bh1750_dev_id': 'bh1750_01', 'as7341_gain': 64.0, 'as7341_atime': 0, 'as7341_astep': 9999, 'as7341_it_ms': 27.799999999999997, 'bh1750_lux': 1.25, 'as7341_415nm': 0, 'as7341_445nm': 0, 'as7341_480nm': 1, 'as7341_515nm': 1, 'as7341_555nm': 1, 'as7341_590nm': 1, 'as7341_630nm': 1, 'as7341_680nm': 0, 'as7341_clear': 2, 'as7341_nir': 0, 'blue_W_m2': 0.005127142857142858, 'green_W_m2': 0.005867470199292234, 'red_W_m2': 0.0007975555555555558}
[mqtt] insert failed: 1452 (23000): Cannot add or update a child row: a foreign key constraint fails (`crop_lighting`.`light_readings`, CONSTRAINT `fx_light_readings_run` FOREIGN KEY (`run_id`) REFERENCES `runs` (`run_id`) ON DELETE RESTRICT ON UPDATE CASCADE) | row= {'ts': datetime.datetime(2026, 1, 6, 20, 29, 27, 849067), 'source': 'pi-01', 'zone': 'ZONE1', 'run_id': 'testing_01', 'run_seq': 0, 'as7341_dev_id': 'as7341_01', 'bh1750_dev_id': 'bh1750_01', 'as7341_gain': 64.0, 'as7341_atime': 0, 'as7341_astep': 9999, 'as7341_it_ms': 27.799999999999997, 'bh1750_lux': 1.6666666666666667, 'as7341_415nm': 0, 'as7341_445nm': 0, 'as7341_480nm': 0, 'as7341_515nm': 1, 'as7341_555nm': 1, 'as7341_590nm': 1, 'as7341_630nm': 1, 'as7341_680nm': 1, 'as7341_clear': 2, 'as7341_nir': 0, 'blue_W_m2': 0.0, 'green_W_m2': 0.005867470199292234, 'red_W_m2': 0.0018038172377985466}
[mqtt] insert failed: 1452 (23000): Cannot add or update a child row: a foreign key constraint fails (`crop_lighting`.`light_readings`, CONSTRAINT `fx_light_readings_run` FOREIGN KEY (`run_id`) REFERENCES `runs` (`run_id`) ON DELETE RESTRICT ON UPDATE CASCADE) | row= {'ts': datetime.datetime(2026, 1, 6, 20, 29, 33, 15139), 'source': 'pi-01', 'zone': 'ZONE1', 'run_id': 'testing_01', 'run_seq': 1, 'as7341_dev_id': 'as7341_01', 'bh1750_dev_id': 'bh1750_01', 'as7341_gain': 64.0, 'as7341_atime': 0, 'as7341_astep': 9999, 'as7341_it_ms': 27.799999999999997, 'bh1750_lux': 1.6666666666666667, 'as7341_415nm': 0, 'as7341_445nm': 0, 'as7341_480nm': 0, 'as7341_515nm': 1, 'as7341_555nm': 1, 'as7341_590nm': 1, 'as7341_630nm': 2, 'as7341_680nm': 1, 'as7341_clear': 2, 'as7341_nir': 0, 'blue_W_m2': 0.0, 'green_W_m2': 0.005867470199292234, 'red_W_m2': 0.0026013727933541023}
[mqtt] insert failed: 1452 (23000): Cannot add or update a child row: a foreign key constraint fails (`crop_lighting`.`light_readings`, CONSTRAINT `fx_light_readings_run` FOREIGN KEY (`run_id`) REFERENCES `runs` (`run_id`) ON DELETE RESTRICT ON UPDATE CASCADE) | row= {'ts': datetime.datetime(2026, 1, 6, 20, 29, 38, 236097), 'source': 'pi-01', 'zone': 'ZONE1', 'run_id': 'testing_01', 'run_seq': 2, 'as7341_dev_id': 'as7341_01', 'bh1750_dev_id': 'bh1750_01', 'as7341_gain': 64.0, 'as7341_atime': 0, 'as7341_astep': 9999, 'as7341_it_ms': 27.799999999999997, 'bh1750_lux': 1.25, 'as7341_415nm': 0, 'as7341_445nm': 0, 'as7341_480nm': 1, 'as7341_515nm': 1, 'as7341_555nm': 1, 'as7341_590nm': 1, 'as7341_630nm': 1, 'as7341_680nm': 1, 'as7341_clear': 2, 'as7341_nir': 0, 'blue_W_m2': 0.005127142857142858, 'green_W_m2': 0.005867470199292234, 'red_W_m2': 0.0018038172377985466}
[mqtt] insert failed: 1452 (23000): Cannot add or update a child row: a foreign key constraint fails (`crop_lighting`.`light_readings`, CONSTRAINT `fx_light_readings_run` FOREIGN KEY (`run_id`) REFERENCES `runs` (`run_id`) ON DELETE RESTRICT ON UPDATE CASCADE) | row= {'ts': datetime.datetime(2026, 1, 6, 20, 29, 43, 458846), 'source': 'pi-01', 'zone': 'ZONE1', 'run_id': 'testing_01', 'run_seq': 3, 'as7341_dev_id': 'as7341_01', 'bh1750_dev_id': 'bh1750_01', 'as7341_gain': 64.0, 'as7341_atime': 0, 'as7341_astep': 9999, 'as7341_it_ms': 27.799999999999997, 'bh1750_lux': 1.25, 'as7341_415nm': 0, 'as7341_445nm': 0, 'as7341_480nm': 1, 'as7341_515nm': 1, 'as7341_555nm': 1, 'as7341_590nm': 1, 'as7341_630nm': 1, 'as7341_680nm': 0, 'as7341_clear': 2, 'as7341_nir': 0, 'blue_W_m2': 0.005127142857142858, 'green_W_m2': 0.005867470199292234, 'red_W_m2': 0.0007975555555555558}
[mqtt] insert failed: 1452 (23000): Cannot add or update a child row: a foreign key constraint fails (`crop_lighting`.`light_readings`, CONSTRAINT `fx_light_readings_run` FOREIGN KEY (`run_id`) REFERENCES `runs` (`run_id`) ON DELETE RESTRICT ON UPDATE CASCADE) | row= {'ts': datetime.datetime(2026, 1, 6, 20, 29, 48, 686704), 'source': 'pi-01', 'zone': 'ZONE1', 'run_id': 'testing_01', 'run_seq': 4, 'as7341_dev_id': 'as7341_01', 'bh1750_dev_id': 'bh1750_01', 'as7341_gain': 64.0, 'as7341_atime': 0, 'as7341_astep': 9999, 'as7341_it_ms': 27.799999999999997, 'bh1750_lux': 1.6666666666666667, 'as7341_415nm': 0, 'as7341_445nm': 0, 'as7341_480nm': 0, 'as7341_515nm': 1, 'as7341_555nm': 1, 'as7341_590nm': 1, 'as7341_630nm': 2, 'as7341_680nm': 1, 'as7341_clear': 2, 'as7341_nir': 0, 'blue_W_m2': 0.0, 'green_W_m2': 0.005867470199292234, 'red_W_m2': 0.0026013727933541023}
[mqtt] insert failed: 1452 (23000): Cannot add or update a child row: a foreign key constraint fails (`crop_lighting`.`light_readings`, CONSTRAINT `fx_light_readings_run` FOREIGN KEY (`run_id`) REFERENCES `runs` (`run_id`) ON DELETE RESTRICT ON UPDATE CASCADE) | row= {'ts': datetime.datetime(2026, 1, 6, 20, 29, 53, 901076), 'source': 'pi-01', 'zone': 'ZONE1', 'run_id': 'testing_01', 'run_seq': 5, 'as7341_dev_id': 'as7341_01', 'bh1750_dev_id': 'bh1750_01', 'as7341_gain': 64.0, 'as7341_atime': 0, 'as7341_astep': 9999, 'as7341_it_ms': 27.799999999999997, 'bh1750_lux': 1.6666666666666667, 'as7341_415nm': 0, 'as7341_445nm': 0, 'as7341_480nm': 0, 'as7341_515nm': 1, 'as7341_555nm': 1, 'as7341_590nm': 1, 'as7341_630nm': 2, 'as7341_680nm': 1, 'as7341_clear': 2, 'as7341_nir': 0, 'blue_W_m2': 0.0, 'green_W_m2': 0.005867470199292234, 'red_W_m2': 0.0026013727933541023}
[mqtt] insert failed: 1452 (23000): Cannot add or update a child row: a foreign key constraint fails (`crop_lighting`.`light_readings`, CONSTRAINT `fx_light_readings_run` FOREIGN KEY (`run_id`) REFERENCES `runs` (`run_id`) ON DELETE RESTRICT ON UPDATE CASCADE) | row= {'ts': datetime.datetime(2026, 1, 6, 20, 29, 59, 227725), 'source': 'pi-01', 'zone': 'ZONE1', 'run_id': 'testing_01', 'run_seq': 6, 'as7341_dev_id': 'as7341_01', 'bh1750_dev_id': 'bh1750_01', 'as7341_gain': 64.0, 'as7341_atime': 0, 'as7341_astep': 9999, 'as7341_it_ms': 27.799999999999997, 'bh1750_lux': 1.25, 'as7341_415nm': 0, 'as7341_445nm': 0, 'as7341_480nm': 1, 'as7341_515nm': 1, 'as7341_555nm': 1, 'as7341_590nm': 1, 'as7341_630nm': 1, 'as7341_680nm': 1, 'as7341_clear': 2, 'as7341_nir': 0, 'blue_W_m2': 0.005127142857142858, 'green_W_m2': 0.005867470199292234, 'red_W_m2': 0.0018038172377985466}
[mqtt] insert failed: 1452 (23000): Cannot add or update a child row: a foreign key constraint fails (`crop_lighting`.`light_readings`, CONSTRAINT `fx_light_readings_run` FOREIGN KEY (`run_id`) REFERENCES `runs` (`run_id`) ON DELETE RESTRICT ON UPDATE CASCADE) | row= {'ts': datetime.datetime(2026, 1, 6, 20, 30, 4, 364429), 'source': 'pi-01', 'zone': 'ZONE1', 'run_id': 'testing_01', 'run_seq': 7, 'as7341_dev_id': 'as7341_01', 'bh1750_dev_id': 'bh1750_01', 'as7341_gain': 64.0, 'as7341_atime': 0, 'as7341_astep': 9999, 'as7341_it_ms': 27.799999999999997, 'bh1750_lux': 1.6666666666666667, 'as7341_415nm': 0, 'as7341_445nm': 0, 'as7341_480nm': 1, 'as7341_515nm': 1, 'as7341_555nm': 1, 'as7341_590nm': 1, 'as7341_630nm': 1, 'as7341_680nm': 1, 'as7341_clear': 2, 'as7341_nir': 0, 'blue_W_m2': 0.005127142857142858, 'green_W_m2': 0.005867470199292234, 'red_W_m2': 0.0018038172377985466}
[mqtt] insert failed: 1452 (23000): Cannot add or update a child row: a foreign key constraint fails (`crop_lighting`.`light_readings`, CONSTRAINT `fx_light_readings_run` FOREIGN KEY (`run_id`) REFERENCES `runs` (`run_id`) ON DELETE RESTRICT ON UPDATE CASCADE) | row= {'ts': datetime.datetime(2026, 1, 6, 20, 30, 9, 569113), 'source': 'pi-01', 'zone': 'ZONE1', 'run_id': 'testing_01', 'run_seq': 8, 'as7341_dev_id': 'as7341_01', 'bh1750_dev_id': 'bh1750_01', 'as7341_gain': 64.0, 'as7341_atime': 0, 'as7341_astep': 9999, 'as7341_it_ms': 27.799999999999997, 'bh1750_lux': 1.6666666666666667, 'as7341_415nm': 0, 'as7341_445nm': 0, 'as7341_480nm': 0, 'as7341_515nm': 1, 'as7341_555nm': 1, 'as7341_590nm': 1, 'as7341_630nm': 2, 'as7341_680nm': 1, 'as7341_clear': 2, 'as7341_nir': 0, 'blue_W_m2': 0.0, 'green_W_m2': 0.005867470199292234, 'red_W_m2': 0.0026013727933541023}
[mqtt] insert failed: 1452 (23000): Cannot add or update a child row: a foreign key constraint fails (`crop_lighting`.`light_readings`, CONSTRAINT `fx_light_readings_run` FOREIGN KEY (`run_id`) REFERENCES `runs` (`run_id`) ON DELETE RESTRICT ON UPDATE CASCADE) | row= {'ts': datetime.datetime(2026, 1, 6, 20, 30, 14, 791203), 'source': 'pi-01', 'zone': 'ZONE1', 'run_id': 'testing_01', 'run_seq': 9, 'as7341_dev_id': 'as7341_01', 'bh1750_dev_id': 'bh1750_01', 'as7341_gain': 64.0, 'as7341_atime': 0, 'as7341_astep': 9999, 'as7341_it_ms': 27.799999999999997, 'bh1750_lux': 1.25, 'as7341_415nm': 0, 'as7341_445nm': 0, 'as7341_480nm': 1, 'as7341_515nm': 1, 'as7341_555nm': 1, 'as7341_590nm': 1, 'as7341_630nm': 1, 'as7341_680nm': 1, 'as7341_clear': 2, 'as7341_nir': 0, 'blue_W_m2': 0.005127142857142858, 'green_W_m2': 0.005867470199292234, 'red_W_m2': 0.0018038172377985466}
[mqtt] insert failed: 1452 (23000): Cannot add or update a child row: a foreign key constraint fails (`crop_lighting`.`light_readings`, CONSTRAINT `fx_light_readings_run` FOREIGN KEY (`run_id`) REFERENCES `runs` (`run_id`) ON DELETE RESTRICT ON UPDATE CASCADE) | row= {'ts': datetime.datetime(2026, 1, 6, 20, 30, 19, 925293), 'source': 'pi-01', 'zone': 'ZONE1', 'run_id': 'testing_01', 'run_seq': 10, 'as7341_dev_id': 'as7341_01', 'bh1750_dev_id': 'bh1750_01', 'as7341_gain': 64.0, 'as7341_atime': 0, 'as7341_astep': 9999, 'as7341_it_ms': 27.799999999999997, 'bh1750_lux': 1.25, 'as7341_415nm': 0, 'as7341_445nm': 0, 'as7341_480nm': 1, 'as7341_515nm': 1, 'as7341_555nm': 1, 'as7341_590nm': 1, 'as7341_630nm': 1, 'as7341_680nm': 1, 'as7341_clear': 2, 'as7341_nir': 0, 'blue_W_m2': 0.005127142857142858, 'green_W_m2': 0.005867470199292234, 'red_W_m2': 0.0018038172377985466}
[mqtt] insert failed: 1452 (23000): Cannot add or update a child row: a foreign key constraint fails (`crop_lighting`.`light_readings`, CONSTRAINT `fx_light_readings_run` FOREIGN KEY (`run_id`) REFERENCES `runs` (`run_id`) ON DELETE RESTRICT ON UPDATE CASCADE) | row= {'ts': datetime.datetime(2026, 1, 6, 20, 30, 25, 135311), 'source': 'pi-01', 'zone': 'ZONE1', 'run_id': 'testing_01', 'run_seq': 11, 'as7341_dev_id': 'as7341_01', 'bh1750_dev_id': 'bh1750_01', 'as7341_gain': 64.0, 'as7341_atime': 0, 'as7341_astep': 9999, 'as7341_it_ms': 27.799999999999997, 'bh1750_lux': 1.6666666666666667, 'as7341_415nm': 0, 'as7341_445nm': 0, 'as7341_480nm': 0, 'as7341_515nm': 1, 'as7341_555nm': 1, 'as7341_590nm': 1, 'as7341_630nm': 1, 'as7341_680nm': 1, 'as7341_clear': 2, 'as7341_nir': 0, 'blue_W_m2': 0.0, 'green_W_m2': 0.005867470199292234, 'red_W_m2': 0.0018038172377985466}
[mqtt] insert failed: 1452 (23000): Cannot add or update a child row: a foreign key constraint fails (`crop_lighting`.`light_readings`, CONSTRAINT `fx_light_readings_run` FOREIGN KEY (`run_id`) REFERENCES `runs` (`run_id`) ON DELETE RESTRICT ON UPDATE CASCADE) | row= {'ts': datetime.datetime(2026, 1, 6, 20, 30, 30, 358418), 'source': 'pi-01', 'zone': 'ZONE1', 'run_id': 'testing_01', 'run_seq': 12, 'as7341_dev_id': 'as7341_01', 'bh1750_dev_id': 'bh1750_01', 'as7341_gain': 64.0, 'as7341_atime': 0, 'as7341_astep': 9999, 'as7341_it_ms': 27.799999999999997, 'bh1750_lux': 1.6666666666666667, 'as7341_415nm': 0, 'as7341_445nm': 0, 'as7341_480nm': 0, 'as7341_515nm': 1, 'as7341_555nm': 1, 'as7341_590nm': 1, 'as7341_630nm': 2, 'as7341_680nm': 1, 'as7341_clear': 2, 'as7341_nir': 0, 'blue_W_m2': 0.0, 'green_W_m2': 0.005867470199292234, 'red_W_m2': 0.0026013727933541023}
[mqtt] insert failed: 1452 (23000): Cannot add or update a child row: a foreign key constraint fails (`crop_lighting`.`light_readings`, CONSTRAINT `fx_light_readings_run` FOREIGN KEY (`run_id`) REFERENCES `runs` (`run_id`) ON DELETE RESTRICT ON UPDATE CASCADE) | row= {'ts': datetime.datetime(2026, 1, 6, 20, 30, 35, 579736), 'source': 'pi-01', 'zone': 'ZONE1', 'run_id': 'testing_01', 'run_seq': 13, 'as7341_dev_id': 'as7341_01', 'bh1750_dev_id': 'bh1750_01', 'as7341_gain': 64.0, 'as7341_atime': 0, 'as7341_astep': 9999, 'as7341_it_ms': 27.799999999999997, 'bh1750_lux': 1.25, 'as7341_415nm': 0, 'as7341_445nm': 0, 'as7341_480nm': 1, 'as7341_515nm': 1, 'as7341_555nm': 1, 'as7341_590nm': 1, 'as7341_630nm': 1, 'as7341_680nm': 1, 'as7341_clear': 2, 'as7341_nir': 0, 'blue_W_m2': 0.005127142857142858, 'green_W_m2': 0.005867470199292234, 'red_W_m2': 0.0018038172377985466}
[mqtt] insert failed: 1452 (23000): Cannot add or update a child row: a foreign key constraint fails (`crop_lighting`.`light_readings`, CONSTRAINT `fx_light_readings_run` FOREIGN KEY (`run_id`) REFERENCES `runs` (`run_id`) ON DELETE RESTRICT ON UPDATE CASCADE) | row= {'ts': datetime.datetime(2026, 1, 6, 20, 30, 40, 800520), 'source': 'pi-01', 'zone': 'ZONE1', 'run_id': 'testing_01', 'run_seq': 14, 'as7341_dev_id': 'as7341_01', 'bh1750_dev_id': 'bh1750_01', 'as7341_gain': 64.0, 'as7341_atime': 0, 'as7341_astep': 9999, 'as7341_it_ms': 27.799999999999997, 'bh1750_lux': 1.25, 'as7341_415nm': 0, 'as7341_445nm': 0, 'as7341_480nm': 1, 'as7341_515nm': 1, 'as7341_555nm': 1, 'as7341_590nm': 1, 'as7341_630nm': 1, 'as7341_680nm': 0, 'as7341_clear': 2, 'as7341_nir': 0, 'blue_W_m2': 0.005127142857142858, 'green_W_m2': 0.005867470199292234, 'red_W_m2': 0.0007975555555555558}
[mqtt] insert failed: 1452 (23000): Cannot add or update a child row: a foreign key constraint fails (`crop_lighting`.`light_readings`, CONSTRAINT `fx_light_readings_run` FOREIGN KEY (`run_id`) REFERENCES `runs` (`run_id`) ON DELETE RESTRICT ON UPDATE CASCADE) | row= {'ts': datetime.datetime(2026, 1, 6, 20, 30, 46, 24037), 'source': 'pi-01', 'zone': 'ZONE1', 'run_id': 'testing_01', 'run_seq': 15, 'as7341_dev_id': 'as7341_01', 'bh1750_dev_id': 'bh1750_01', 'as7341_gain': 64.0, 'as7341_atime': 0, 'as7341_astep': 9999, 'as7341_it_ms': 27.799999999999997, 'bh1750_lux': 1.6666666666666667, 'as7341_415nm': 0, 'as7341_445nm': 0, 'as7341_480nm': 0, 'as7341_515nm': 1, 'as7341_555nm': 1, 'as7341_590nm': 1, 'as7341_630nm': 2, 'as7341_680nm': 1, 'as7341_clear': 2, 'as7341_nir': 0, 'blue_W_m2': 0.0, 'green_W_m2': 0.005867470199292234, 'red_W_m2': 0.0026013727933541023}
[mqtt] insert failed: 1452 (23000): Cannot add or update a child row: a foreign key constraint fails (`crop_lighting`.`light_readings`, CONSTRAINT `fx_light_readings_run` FOREIGN KEY (`run_id`) REFERENCES `runs` (`run_id`) ON DELETE RESTRICT ON UPDATE CASCADE) | row= {'ts': datetime.datetime(2026, 1, 6, 20, 30, 51, 247639), 'source': 'pi-01', 'zone': 'ZONE1', 'run_id': 'testing_01', 'run_seq': 16, 'as7341_dev_id': 'as7341_01', 'bh1750_dev_id': 'bh1750_01', 'as7341_gain': 64.0, 'as7341_atime': 0, 'as7341_astep': 9999, 'as7341_it_ms': 27.799999999999997, 'bh1750_lux': 1.6666666666666667, 'as7341_415nm': 0, 'as7341_445nm': 0, 'as7341_480nm': 0, 'as7341_515nm': 1, 'as7341_555nm': 1, 'as7341_590nm': 1, 'as7341_630nm': 2, 'as7341_680nm': 1, 'as7341_clear': 2, 'as7341_nir': 0, 'blue_W_m2': 0.0, 'green_W_m2': 0.005867470199292234, 'red_W_m2': 0.0026013727933541023}
[mqtt] insert failed: 1452 (23000): Cannot add or update a child row: a foreign key constraint fails (`crop_lighting`.`light_readings`, CONSTRAINT `fx_light_readings_run` FOREIGN KEY (`run_id`) REFERENCES `runs` (`run_id`) ON DELETE RESTRICT ON UPDATE CASCADE) | row= {'ts': datetime.datetime(2026, 1, 6, 20, 30, 56, 468707), 'source': 'pi-01', 'zone': 'ZONE1', 'run_id': 'testing_01', 'run_seq': 17, 'as7341_dev_id': 'as7341_01', 'bh1750_dev_id': 'bh1750_01', 'as7341_gain': 64.0, 'as7341_atime': 0, 'as7341_astep': 9999, 'as7341_it_ms': 27.799999999999997, 'bh1750_lux': 1.25, 'as7341_415nm': 0, 'as7341_445nm': 0, 'as7341_480nm': 1, 'as7341_515nm': 1, 'as7341_555nm': 1, 'as7341_590nm': 1, 'as7341_630nm': 1, 'as7341_680nm': 1, 'as7341_clear': 2, 'as7341_nir': 0, 'blue_W_m2': 0.005127142857142858, 'green_W_m2': 0.005867470199292234, 'red_W_m2': 0.0018038172377985466}
[mqtt] insert failed: 1452 (23000): Cannot add or update a child row: a foreign key constraint fails (`crop_lighting`.`light_readings`, CONSTRAINT `fx_light_readings_run` FOREIGN KEY (`run_id`) REFERENCES `runs` (`run_id`) ON DELETE RESTRICT ON UPDATE CASCADE) | row= {'ts': datetime.datetime(2026, 1, 6, 20, 31, 1, 688062), 'source': 'pi-01', 'zone': 'ZONE1', 'run_id': 'testing_01', 'run_seq': 18, 'as7341_dev_id': 'as7341_01', 'bh1750_dev_id': 'bh1750_01', 'as7341_gain': 64.0, 'as7341_atime': 0, 'as7341_astep': 9999, 'as7341_it_ms': 27.799999999999997, 'bh1750_lux': 1.6666666666666667, 'as7341_415nm': 0, 'as7341_445nm': 0, 'as7341_480nm': 1, 'as7341_515nm': 1, 'as7341_555nm': 1, 'as7341_590nm': 1, 'as7341_630nm': 1, 'as7341_680nm': 0, 'as7341_clear': 2, 'as7341_nir': 0, 'blue_W_m2': 0.005127142857142858, 'green_W_m2': 0.005867470199292234, 'red_W_m2': 0.0007975555555555558}
[mqtt] insert failed: 1452 (23000): Cannot add or update a child row: a foreign key constraint fails (`crop_lighting`.`light_readings`, CONSTRAINT `fx_light_readings_run` FOREIGN KEY (`run_id`) REFERENCES `runs` (`run_id`) ON DELETE RESTRICT ON UPDATE CASCADE) | row= {'ts': datetime.datetime(2026, 1, 6, 20, 31, 6, 913762), 'source': 'pi-01', 'zone': 'ZONE1', 'run_id': 'testing_01', 'run_seq': 19, 'as7341_dev_id': 'as7341_01', 'bh1750_dev_id': 'bh1750_01', 'as7341_gain': 64.0, 'as7341_atime': 0, 'as7341_astep': 9999, 'as7341_it_ms': 27.799999999999997, 'bh1750_lux': 1.6666666666666667, 'as7341_415nm': 0, 'as7341_445nm': 0, 'as7341_480nm': 0, 'as7341_515nm': 1, 'as7341_555nm': 1, 'as7341_590nm': 1, 'as7341_630nm': 2, 'as7341_680nm': 1, 'as7341_clear': 2, 'as7341_nir': 0, 'blue_W_m2': 0.0, 'green_W_m2': 0.005867470199292234, 'red_W_m2': 0.0026013727933541023}
[mqtt] insert failed: 1452 (23000): Cannot add or update a child row: a foreign key constraint fails (`crop_lighting`.`light_readings`, CONSTRAINT `fx_light_readings_run` FOREIGN KEY (`run_id`) REFERENCES `runs` (`run_id`) ON DELETE RESTRICT ON UPDATE CASCADE) | row= {'ts': datetime.datetime(2026, 1, 6, 20, 31, 12, 135384), 'source': 'pi-01', 'zone': 'ZONE1', 'run_id': 'testing_01', 'run_seq': 20, 'as7341_dev_id': 'as7341_01', 'bh1750_dev_id': 'bh1750_01', 'as7341_gain': 64.0, 'as7341_atime': 0, 'as7341_astep': 9999, 'as7341_it_ms': 27.799999999999997, 'bh1750_lux': 1.25, 'as7341_415nm': 0, 'as7341_445nm': 0, 'as7341_480nm': 1, 'as7341_515nm': 1, 'as7341_555nm': 1, 'as7341_590nm': 1, 'as7341_630nm': 1, 'as7341_680nm': 1, 'as7341_clear': 2, 'as7341_nir': 0, 'blue_W_m2': 0.005127142857142858, 'green_W_m2': 0.005867470199292234, 'red_W_m2': 0.0018038172377985466}
[mqtt] insert failed: 1452 (23000): Cannot add or update a child row: a foreign key constraint fails (`crop_lighting`.`light_readings`, CONSTRAINT `fx_light_readings_run` FOREIGN KEY (`run_id`) REFERENCES `runs` (`run_id`) ON DELETE RESTRICT ON UPDATE CASCADE) | row= {'ts': datetime.datetime(2026, 1, 6, 20, 31, 17, 358552), 'source': 'pi-01', 'zone': 'ZONE1', 'run_id': 'testing_01', 'run_seq': 21, 'as7341_dev_id': 'as7341_01', 'bh1750_dev_id': 'bh1750_01', 'as7341_gain': 64.0, 'as7341_atime': 0, 'as7341_astep': 9999, 'as7341_it_ms': 27.799999999999997, 'bh1750_lux': 1.25, 'as7341_415nm': 0, 'as7341_445nm': 0, 'as7341_480nm': 1, 'as7341_515nm': 1, 'as7341_555nm': 1, 'as7341_590nm': 1, 'as7341_630nm': 1, 'as7341_680nm': 1, 'as7341_clear': 2, 'as7341_nir': 0, 'blue_W_m2': 0.005127142857142858, 'green_W_m2': 0.005867470199292234, 'red_W_m2': 0.0018038172377985466}
[mqtt] insert failed: 1452 (23000): Cannot add or update a child row: a foreign key constraint fails (`crop_lighting`.`light_readings`, CONSTRAINT `fx_light_readings_run` FOREIGN KEY (`run_id`) REFERENCES `runs` (`run_id`) ON DELETE RESTRICT ON UPDATE CASCADE) | row= {'ts': datetime.datetime(2026, 1, 6, 20, 31, 22, 579623), 'source': 'pi-01', 'zone': 'ZONE1', 'run_id': 'testing_01', 'run_seq': 22, 'as7341_dev_id': 'as7341_01', 'bh1750_dev_id': 'bh1750_01', 'as7341_gain': 64.0, 'as7341_atime': 0, 'as7341_astep': 9999, 'as7341_it_ms': 27.799999999999997, 'bh1750_lux': 1.6666666666666667, 'as7341_415nm': 0, 'as7341_445nm': 0, 'as7341_480nm': 0, 'as7341_515nm': 1, 'as7341_555nm': 1, 'as7341_590nm': 1, 'as7341_630nm': 1, 'as7341_680nm': 1, 'as7341_clear': 2, 'as7341_nir': 0, 'blue_W_m2': 0.0, 'green_W_m2': 0.005867470199292234, 'red_W_m2': 0.0018038172377985466}
[mqtt] insert failed: 1452 (23000): Cannot add or update a child row: a foreign key constraint fails (`crop_lighting`.`light_readings`, CONSTRAINT `fx_light_readings_run` FOREIGN KEY (`run_id`) REFERENCES `runs` (`run_id`) ON DELETE RESTRICT ON UPDATE CASCADE) | row= {'ts': datetime.datetime(2026, 1, 6, 20, 31, 27, 799635), 'source': 'pi-01', 'zone': 'ZONE1', 'run_id': 'testing_01', 'run_seq': 0, 'as7341_dev_id': 'as7341_01', 'bh1750_dev_id': 'bh1750_01', 'as7341_gain': 64.0, 'as7341_atime': 0, 'as7341_astep': 9999, 'as7341_it_ms': 27.799999999999997, 'bh1750_lux': 1.6666666666666667, 'as7341_415nm': 0, 'as7341_445nm': 0, 'as7341_480nm': 0, 'as7341_515nm': 1, 'as7341_555nm': 1, 'as7341_590nm': 1, 'as7341_630nm': 2, 'as7341_680nm': 1, 'as7341_clear': 2, 'as7341_nir': 0, 'blue_W_m2': 0.0, 'green_W_m2': 0.005867470199292234, 'red_W_m2': 0.0026013727933541023}
[mqtt] insert failed: 1452 (23000): Cannot add or update a child row: a foreign key constraint fails (`crop_lighting`.`light_readings`, CONSTRAINT `fx_light_readings_run` FOREIGN KEY (`run_id`) REFERENCES `runs` (`run_id`) ON DELETE RESTRICT ON UPDATE CASCADE) | row= {'ts': datetime.datetime(2026, 1, 6, 20, 31, 36, 936878), 'source': 'pi-01', 'zone': 'ZONE1', 'run_id': 'testing_01', 'run_seq': 0, 'as7341_dev_id': 'as7341_01', 'bh1750_dev_id': 'bh1750_01', 'as7341_gain': 64.0, 'as7341_atime': 0, 'as7341_astep': 9999, 'as7341_it_ms': 27.799999999999997, 'bh1750_lux': 1.25, 'as7341_415nm': 0, 'as7341_445nm': 0, 'as7341_480nm': 1, 'as7341_515nm': 1, 'as7341_555nm': 1, 'as7341_590nm': 1, 'as7341_630nm': 1, 'as7341_680nm': 0, 'as7341_clear': 2, 'as7341_nir': 0, 'blue_W_m2': 0.005127142857142858, 'green_W_m2': 0.005867470199292234, 'red_W_m2': 0.0007975555555555558}
[mqtt] insert failed: 1452 (23000): Cannot add or update a child row: a foreign key constraint fails (`crop_lighting`.`light_readings`, CONSTRAINT `fx_light_readings_run` FOREIGN KEY (`run_id`) REFERENCES `runs` (`run_id`) ON DELETE RESTRICT ON UPDATE CASCADE) | row= {'ts': datetime.datetime(2026, 1, 6, 20, 31, 42, 137750), 'source': 'pi-01', 'zone': 'ZONE1', 'run_id': 'testing_01', 'run_seq': 1, 'as7341_dev_id': 'as7341_01', 'bh1750_dev_id': 'bh1750_01', 'as7341_gain': 64.0, 'as7341_atime': 0, 'as7341_astep': 9999, 'as7341_it_ms': 27.799999999999997, 'bh1750_lux': 1.6666666666666667, 'as7341_415nm': 0, 'as7341_445nm': 0, 'as7341_480nm': 0, 'as7341_515nm': 1, 'as7341_555nm': 1, 'as7341_590nm': 1, 'as7341_630nm': 1, 'as7341_680nm': 1, 'as7341_clear': 2, 'as7341_nir': 0, 'blue_W_m2': 0.0, 'green_W_m2': 0.005867470199292234, 'red_W_m2': 0.0018038172377985466}
[mqtt] insert failed: 1452 (23000): Cannot add or update a child row: a foreign key constraint fails (`crop_lighting`.`light_readings`, CONSTRAINT `fx_light_readings_run` FOREIGN KEY (`run_id`) REFERENCES `runs` (`run_id`) ON DELETE RESTRICT ON UPDATE CASCADE) | row= {'ts': datetime.datetime(2026, 1, 6, 20, 31, 47, 361629), 'source': 'pi-01', 'zone': 'ZONE1', 'run_id': 'testing_01', 'run_seq': 2, 'as7341_dev_id': 'as7341_01', 'bh1750_dev_id': 'bh1750_01', 'as7341_gain': 64.0, 'as7341_atime': 0, 'as7341_astep': 9999, 'as7341_it_ms': 27.799999999999997, 'bh1750_lux': 1.6666666666666667, 'as7341_415nm': 0, 'as7341_445nm': 0, 'as7341_480nm': 0, 'as7341_515nm': 1, 'as7341_555nm': 1, 'as7341_590nm': 1, 'as7341_630nm': 2, 'as7341_680nm': 1, 'as7341_clear': 2, 'as7341_nir': 0, 'blue_W_m2': 0.0, 'green_W_m2': 0.005867470199292234, 'red_W_m2': 0.0026013727933541023}
[mqtt] insert failed: 1452 (23000): Cannot add or update a child row: a foreign key constraint fails (`crop_lighting`.`light_readings`, CONSTRAINT `fx_light_readings_run` FOREIGN KEY (`run_id`) REFERENCES `runs` (`run_id`) ON DELETE RESTRICT ON UPDATE CASCADE) | row= {'ts': datetime.datetime(2026, 1, 6, 20, 31, 52, 584938), 'source': 'pi-01', 'zone': 'ZONE1', 'run_id': 'testing_01', 'run_seq': 0, 'as7341_dev_id': 'as7341_01', 'bh1750_dev_id': 'bh1750_01', 'as7341_gain': 64.0, 'as7341_atime': 0, 'as7341_astep': 9999, 'as7341_it_ms': 27.799999999999997, 'bh1750_lux': 1.25, 'as7341_415nm': 0, 'as7341_445nm': 1, 'as7341_480nm': 1, 'as7341_515nm': 1, 'as7341_555nm': 1, 'as7341_590nm': 1, 'as7341_630nm': 1, 'as7341_680nm': 0, 'as7341_clear': 2, 'as7341_nir': 0, 'blue_W_m2': 0.014915324675324677, 'green_W_m2': 0.005867470199292234, 'red_W_m2': 0.0007975555555555558}
[2026-01-07T09:21:34+00:00] Supervisor starting...
[2026-01-07T09:21:34+00:00] PROJECT_DIR=/c/Users/ad731/Desktop/crop_lighting/honours_project
[2026-01-07T09:21:35+00:00] SCRIPT_DIR=/c/Users/ad731/Desktop/crop_lighting/honours_project/scripts/backend-scripts
[2026-01-07T09:21:35+00:00] PYTHON=/c/Users/ad731/Desktop/crop_lighting/honours_project/.venv/Scripts/python.exe
[2026-01-07T09:21:35+00:00] INGEST_SCRIPT=/c/Users/ad731/Desktop/crop_lighting/honours_project/scripts/backend-scripts/incoming_sensor_payload.py
[2026-01-07T09:21:35+00:00] Launching ingestion...
[config] reference irradiance E_ref = 1.0767 W/m2
[db] connected to database
[run] starting mqtt client loop... ctrl+c to stop
[mqtt] connected with reason_code= Success
[mqtt] subscribed to topic: adunn/sensor/light/#
[2026-01-07T20:50:09+00:00] Supervisor starting...
[2026-01-07T20:50:09+00:00] PROJECT_DIR=/c/Users/ad731/Desktop/crop_lighting/honours_project
[2026-01-07T20:50:09+00:00] SCRIPT_DIR=/c/Users/ad731/Desktop/crop_lighting/honours_project/scripts/backend-scripts
[2026-01-07T20:50:09+00:00] PYTHON=/c/Users/ad731/Desktop/crop_lighting/honours_project/.venv/Scripts/python.exe
[2026-01-07T20:50:09+00:00] INGEST_SCRIPT=/c/Users/ad731/Desktop/crop_lighting/honours_project/scripts/backend-scripts/incoming_sensor_payload.py
[2026-01-07T20:50:09+00:00] Launching ingestion...
[config] reference irradiance E_ref = 1.0767 W/m2
[db] connected to database
[run] starting mqtt client loop... ctrl+c to stop
[mqtt] connected with reason_code= Success
[mqtt] subscribed to topic: adunn/sensor/light/#
[2026-01-08T08:38:38+00:00] Supervisor starting...
[2026-01-08T08:38:38+00:00] PROJECT_DIR=/c/Users/ad731/Desktop/crop_lighting/honours_project
[2026-01-08T08:38:38+00:00] SCRIPT_DIR=/c/Users/ad731/Desktop/crop_lighting/honours_project/scripts/backend-scripts
[2026-01-08T08:38:38+00:00] PYTHON=/c/Users/ad731/Desktop/crop_lighting/honours_project/.venv/Scripts/python.exe
[2026-01-08T08:38:38+00:00] INGEST_SCRIPT=/c/Users/ad731/Desktop/crop_lighting/honours_project/scripts/backend-scripts/incoming_sensor_payload.py
[2026-01-08T08:38:38+00:00] Launching ingestion...
[config] reference irradiance E_ref = 1.0767 W/m2
[db] connected to database
[run] starting mqtt client loop... ctrl+c to stop
[mqtt] connected with reason_code= Success
[mqtt] subscribed to topic: adunn/sensor/light/#
[2026-01-09T16:30:31+00:00] Supervisor starting...
[2026-01-09T16:30:31+00:00] PROJECT_DIR=/c/Users/ad731/Desktop/crop_lighting/honours_project
[2026-01-09T16:30:31+00:00] SCRIPT_DIR=/c/Users/ad731/Desktop/crop_lighting/honours_project/scripts/backend-scripts
[2026-01-09T16:30:31+00:00] PYTHON=/c/Users/ad731/Desktop/crop_lighting/honours_project/.venv/Scripts/python.exe
[2026-01-09T16:30:31+00:00] INGEST_SCRIPT=/c/Users/ad731/Desktop/crop_lighting/honours_project/scripts/backend-scripts/incoming_sensor_payload.py
[2026-01-09T16:30:31+00:00] Launching ingestion...
[config] reference irradiance E_ref = 1.0767 W/m2
[db] connected to database
[run] starting mqtt client loop... ctrl+c to stop
[mqtt] connected with reason_code= Success
[mqtt] subscribed to topic: adunn/sensor/light/#
[2026-01-10T11:07:11+00:00] Supervisor starting...
[2026-01-10T11:07:11+00:00] PROJECT_DIR=/c/Users/ad731/Desktop/crop_lighting/honours_project
[2026-01-10T11:07:11+00:00] SCRIPT_DIR=/c/Users/ad731/Desktop/crop_lighting/honours_project/scripts/backend-scripts
[2026-01-10T11:07:11+00:00] PYTHON=/c/Users/ad731/Desktop/crop_lighting/honours_project/.venv/Scripts/python.exe
[2026-01-10T11:07:11+00:00] INGEST_SCRIPT=/c/Users/ad731/Desktop/crop_lighting/honours_project/scripts/backend-scripts/incoming_sensor_payload.py
[2026-01-10T11:07:11+00:00] Launching ingestion...
[config] reference irradiance E_ref = 1.0767 W/m2
[db] connected to database
[run] starting mqtt client loop... ctrl+c to stop
[mqtt] connected with reason_code= Success
[mqtt] subscribed to topic: adunn/sensor/light/#
[2026-01-10T23:15:21+00:00] Supervisor starting...
[2026-01-10T23:15:21+00:00] PROJECT_DIR=/c/Users/ad731/Desktop/crop_lighting/honours_project
[2026-01-10T23:15:21+00:00] SCRIPT_DIR=/c/Users/ad731/Desktop/crop_lighting/honours_project/scripts/backend-scripts
[2026-01-10T23:15:22+00:00] PYTHON=/c/Users/ad731/Desktop/crop_lighting/honours_project/.venv/Scripts/python.exe
[2026-01-10T23:15:22+00:00] INGEST_SCRIPT=/c/Users/ad731/Desktop/crop_lighting/honours_project/scripts/backend-scripts/incoming_sensor_payload.py
[2026-01-10T23:15:22+00:00] Launching ingestion...
[config] reference irradiance E_ref = 1.0767 W/m2
[db] connected to database
[run] starting mqtt client loop... ctrl+c to stop
[mqtt] connected with reason_code= Success
[mqtt] subscribed to topic: adunn/sensor/light/#
[2026-01-11T13:13:59+00:00] Supervisor starting...
[2026-01-11T13:13:59+00:00] PROJECT_DIR=/c/Users/ad731/Desktop/crop_lighting/honours_project
[2026-01-11T13:13:59+00:00] SCRIPT_DIR=/c/Users/ad731/Desktop/crop_lighting/honours_project/scripts/backend-scripts
[2026-01-11T13:13:59+00:00] PYTHON=/c/Users/ad731/Desktop/crop_lighting/honours_project/.venv/Scripts/python.exe
[2026-01-11T13:13:59+00:00] INGEST_SCRIPT=/c/Users/ad731/Desktop/crop_lighting/honours_project/scripts/backend-scripts/incoming_sensor_payload.py
[2026-01-11T13:13:59+00:00] Launching ingestion...
[config] reference irradiance E_ref = 1.0767 W/m2
[db] connected to database
[run] starting mqtt client loop... ctrl+c to stop
[mqtt] connected with reason_code= Success
[mqtt] subscribed to topic: adunn/sensor/light/#
